// Vitest Snapshot v1, https://vitest.dev/guide/snapshot.html

exports[`fixture rep scores vs placeholder benchmark > scores every fixture shot inside (0, 100) and matches the snapshot 1`] = `
{
  "20190103_180930": [
    {
      "excluded": 7,
      "formScore": 29.97,
    },
    {
      "excluded": 2,
      "formScore": 20.47,
    },
    {
      "excluded": 3,
      "formScore": 31.37,
    },
  ],
  "20190804_140654": [
    {
      "excluded": 0,
      "formScore": 38.41,
    },
    {
      "excluded": 2,
      "formScore": 21.58,
    },
    {
      "excluded": 8,
      "formScore": 31.01,
    },
    {
      "excluded": 7,
      "formScore": 28.2,
    },
    {
      "excluded": 7,
      "formScore": 26.55,
    },
    {
      "excluded": 12,
      "formScore": 35.79,
    },
    {
      "excluded": 7,
      "formScore": 24.38,
    },
  ],
  "20201212_134104": [
    {
      "excluded": 12,
      "formScore": 23.78,
    },
  ],
}
`;
