// Vitest Snapshot v1, https://vitest.dev/guide/snapshot.html

exports[`fixture rep scores vs placeholder benchmark > scores every fixture shot inside (0, 100) and matches the snapshot 1`] = `
{
  "20190103_180930": [
    {
      "excluded": 7,
      "formScore": 32.1,
    },
    {
      "excluded": 4,
      "formScore": 28.74,
    },
    {
      "excluded": 4,
      "formScore": 22.73,
    },
  ],
  "20190804_140654": [
    {
      "excluded": 1,
      "formScore": 22.78,
    },
    {
      "excluded": 2,
      "formScore": 19.9,
    },
    {
      "excluded": 9,
      "formScore": 32.63,
    },
    {
      "excluded": 10,
      "formScore": 16.4,
    },
    {
      "excluded": 6,
      "formScore": 33.12,
    },
    {
      "excluded": 11,
      "formScore": 27.37,
    },
    {
      "excluded": 9,
      "formScore": 13.63,
    },
  ],
  "20201212_134104": [
    {
      "excluded": 11,
      "formScore": 25.67,
    },
  ],
}
`;
